PowerPlay Power Analyzer report for DWT_sym4_2_Level
Sun Apr 21 08:57:16 2024
Quartus II 64-Bit Version 13.1.0 Build 162 10/23/2013 SJ Web Edition


---------------------
; Table of Contents ;
---------------------
  1. Legal Notice
  2. Parallel Compilation
  3. PowerPlay Power Analyzer Summary
  4. PowerPlay Power Analyzer Settings
  5. Operating Conditions Used
  6. Thermal Power Dissipation by Block
  7. Thermal Power Dissipation by Block Type
  8. Thermal Power Dissipation by Hierarchy
  9. Core Dynamic Thermal Power Dissipation by Clock Domain
 10. Current Drawn from Voltage Supplies Summary
 11. VCCIO Supply Current Drawn by I/O Bank
 12. VCCIO Supply Current Drawn by Voltage
 13. VCCPD Supply Current Drawn by I/O Bank
 14. VCCPD Supply Current Drawn by Voltage
 15. VCCIO_HPS Supply Current Drawn by I/O Bank
 16. VCCIO_HPS Supply Current Drawn by Voltage
 17. VCCPD_HPS Supply Current Drawn by I/O Bank
 18. VCCPD_HPS Supply Current Drawn by Voltage
 19. Confidence Metric Details
 20. Signal Activities
 21. PowerPlay Power Analyzer Messages



----------------
; Legal Notice ;
----------------
Copyright (C) 1991-2013 Altera Corporation
Your use of Altera Corporation's design tools, logic functions 
and other software and tools, and its AMPP partner logic 
functions, and any output files from any of the foregoing 
(including device programming or simulation files), and any 
associated documentation or information are expressly subject 
to the terms and conditions of the Altera Program License 
Subscription Agreement, Altera MegaCore Function License 
Agreement, or other applicable license agreement, including, 
without limitation, that your use is for the sole purpose of 
programming logic devices manufactured by Altera and sold by 
Altera or its authorized distributors.  Please refer to the 
applicable agreement for further details.



+------------------------------------------+
; Parallel Compilation                     ;
+----------------------------+-------------+
; Processors                 ; Number      ;
+----------------------------+-------------+
; Number detected on machine ; 12          ;
; Maximum allowed            ; 12          ;
;                            ;             ;
; Average used               ; 2.38        ;
; Maximum used               ; 12          ;
;                            ;             ;
; Usage by Processor         ; % Time Used ;
;     Processor 1            ; 100.0%      ;
;     Processors 2-12        ;  12.5%      ;
+----------------------------+-------------+


+-------------------------------------------------------------------------------------------+
; PowerPlay Power Analyzer Summary                                                          ;
+----------------------------------------+--------------------------------------------------+
; PowerPlay Power Analyzer Status        ; Successful - Sun Apr 21 08:57:16 2024            ;
; Quartus II 64-Bit Version              ; 13.1.0 Build 162 10/23/2013 SJ Web Edition       ;
; Revision Name                          ; DWT_sym4_2_Level                                 ;
; Top-level Entity Name                  ; DWT_sym4_2_Level                                 ;
; Family                                 ; Cyclone V                                        ;
; Device                                 ; 5CSXFC6D6F31C6                                   ;
; Power Models                           ; Preliminary                                      ;
; Total Thermal Power Dissipation        ; 465.61 mW                                        ;
; Core Dynamic Thermal Power Dissipation ; 41.84 mW                                         ;
; Core Static Thermal Power Dissipation  ; 410.60 mW                                        ;
; I/O Thermal Power Dissipation          ; 13.17 mW                                         ;
; Power Estimation Confidence            ; Low: user provided insufficient toggle rate data ;
+----------------------------------------+--------------------------------------------------+


+------------------------------------------------------------------------------------------------------------------------------------+
; PowerPlay Power Analyzer Settings                                                                                                  ;
+----------------------------------------------------------------------------+---------------------------------------+---------------+
; Option                                                                     ; Setting                               ; Default Value ;
+----------------------------------------------------------------------------+---------------------------------------+---------------+
; Use smart compilation                                                      ; Off                                   ; Off           ;
; Enable parallel Assembler and TimeQuest Timing Analyzer during compilation ; On                                    ; On            ;
; Enable compact report table                                                ; Off                                   ; Off           ;
; Preset Cooling Solution                                                    ; 23 MM HEAT SINK WITH 200 LFPM AIRFLOW ;               ;
; Board thermal model                                                        ; None (CONSERVATIVE)                   ;               ;
; Default Power Toggle Rate                                                  ; 12.5%                                 ; 12.5%         ;
; Default Power Input I/O Toggle Rate                                        ; 12.5%                                 ; 12.5%         ;
; Use vectorless estimation                                                  ; On                                    ; On            ;
; Use Input Files                                                            ; Off                                   ; Off           ;
; Filter Glitches in VCD File Reader                                         ; On                                    ; On            ;
; Power Analyzer Report Signal Activity                                      ; Off                                   ; Off           ;
; Power Analyzer Report Power Dissipation                                    ; Off                                   ; Off           ;
; Device Power Characteristics                                               ; TYPICAL                               ; TYPICAL       ;
; Automatically Compute Junction Temperature                                 ; On                                    ; On            ;
; Specified Junction Temperature                                             ; 25                                    ; 25            ;
; Ambient Temperature                                                        ; 25                                    ; 25            ;
; Use Custom Cooling Solution                                                ; Off                                   ; Off           ;
; Board Temperature                                                          ; 25                                    ; 25            ;
; Enable HPS                                                                 ; Off                                   ; Off           ;
; Processor Frequency                                                        ; 0.0                                   ; 0.0           ;
+----------------------------------------------------------------------------+---------------------------------------+---------------+


+-------------------------------------------------------------------------+
; Operating Conditions Used                                               ;
+---------------------------------------------+---------------------------+
; Setting                                     ; Value                     ;
+---------------------------------------------+---------------------------+
; Device power characteristics                ; Typical                   ;
;                                             ;                           ;
; Voltages                                    ;                           ;
;     VCC                                     ; 1.10 V                    ;
;     VCCA_FPLL                               ; 2.50 V                    ;
;     VCCPGM                                  ; 1.80 V                    ;
;     VCCBAT                                  ; 1.20 V                    ;
;     VCCE_GXBL                               ; 0.00 V                    ;
;     VCCL_GXBL                               ; 0.00 V                    ;
;     VCCH_GXBL                               ; 0.00 V                    ;
;     VCCAUX                                  ; 2.50 V                    ;
;     VCC_HPS                                 ; 1.10 V                    ;
;     VCCRSTCLK_HPS                           ; 1.80 V                    ;
;     VCCPLL_HPS                              ; 2.50 V                    ;
;     2.5 V I/O Standard                      ; 2.5 V                     ;
;                                             ;                           ;
; Auto computed junction temperature          ; 27.1 degrees Celsius      ;
;     Ambient temperature                     ; 25.0 degrees Celsius      ;
;     Junction-to-Case thermal resistance     ; 2.30 degrees Celsius/Watt ;
;     Case-to-Heat Sink thermal resistance    ; 0.10 degrees Celsius/Watt ;
;     Heat Sink-to-Ambient thermal resistance ; 2.10 degrees Celsius/Watt ;
;                                             ;                           ;
; Board model used                            ; None                      ;
+---------------------------------------------+---------------------------+


+----------------------------------------------------------------------------------------------------------------------------------------------+
; Thermal Power Dissipation by Block                                                                                                           ;
+------------+------------+---------------------+-----------------------------+--------------------------------+-------------------------------+
; Block Name ; Block Type ; Total Thermal Power ; Block Thermal Dynamic Power ; Block Thermal Static Power (1) ; Routing Thermal Dynamic Power ;
+------------+------------+---------------------+-----------------------------+--------------------------------+-------------------------------+
(1) The "Thermal Power Dissipation by Block" Table has been hidden. To show this table, please select the "Write power dissipation by block to report file" option under "PowerPlay Power Analyzer Settings".


+-------------------------------------------------------------------------------------------------------------------------------------------------------------------------------------------------------------------+
; Thermal Power Dissipation by Block Type                                                                                                                                                                           ;
+--------------------+-----------------------------------+-----------------------------+--------------------------------+-------------------------------+-----------------------------------------------------------+
; Block Type         ; Total Thermal Power by Block Type ; Block Thermal Dynamic Power ; Block Thermal Static Power (1) ; Routing Thermal Dynamic Power ; Block Average Toggle Rate (millions of transitions / sec) ;
+--------------------+-----------------------------------+-----------------------------+--------------------------------+-------------------------------+-----------------------------------------------------------+
; DSP block          ; 20.82 mW                          ; 16.44 mW                    ; --                             ; 4.38 mW                       ;   19.088                                                  ;
; Combinational cell ; 3.35 mW                           ; 1.26 mW                     ; --                             ; 2.09 mW                       ;    6.887                                                  ;
; Clock enable block ; 7.19 mW                           ; 0.00 mW                     ; --                             ; 7.19 mW                       ;  100.000                                                  ;
; Register cell      ; 10.15 mW                          ; 6.94 mW                     ; --                             ; 3.21 mW                       ;    6.245                                                  ;
; I/O                ; 5.50 mW                           ; 3.57 mW                     ; 1.59 mW                        ; 0.33 mW                       ;    8.854                                                  ;
+--------------------+-----------------------------------+-----------------------------+--------------------------------+-------------------------------+-----------------------------------------------------------+
(1) The "Block Thermal Static Power" for all block types except Pins and the Voltage Regulator, if one exists, is part of the "Core Static Thermal Power Dissipation" value found on the PowerPlay Power Analyzer-->Summary report panel. The "Core Static Thermal Power Dissipation" also contains the thermal static power dissipated by the routing.


+----------------------------------------------------------------------------------------------------------------------------------------------------------------------------------------------------------------------------------------------------------------------------------------------------------------+
; Thermal Power Dissipation by Hierarchy                                                                                                                                                                                                                                                                         ;
+-------------------------------------------------+--------------------------------------+---------------------------------+-----------------------------------+-----------------------------------+-------------------------------------------------------------------------------------------------------------+
; Compilation Hierarchy Node                      ; Total Thermal Power by Hierarchy (1) ; Block Thermal Dynamic Power (1) ; Block Thermal Static Power (1)(2) ; Routing Thermal Dynamic Power (1) ; Full Hierarchy Name                                                                                         ;
+-------------------------------------------------+--------------------------------------+---------------------------------+-----------------------------------+-----------------------------------+-------------------------------------------------------------------------------------------------------------+
; |DWT_sym4_2_Level                               ; 47.01 mW (14.42 mW)                  ; 28.21 mW (4.87 mW)              ; 1.59 mW (1.59 mW)                 ; 17.20 mW (7.96 mW)                ; |DWT_sym4_2_Level                                                                                           ;
;     |hard_block:auto_generated_inst             ; 0.00 mW (0.00 mW)                    ; 0.00 mW (0.00 mW)               ; --                                ; 0.00 mW (0.00 mW)                 ; |DWT_sym4_2_Level|hard_block:auto_generated_inst                                                            ;
;     |alpha1st_Level_Decomp:u_1st_Level_Decomp   ; 2.23 mW (0.69 mW)                    ; 1.29 mW (0.50 mW)               ; --                                ; 0.94 mW (0.19 mW)                 ; |DWT_sym4_2_Level|alpha1st_Level_Decomp:u_1st_Level_Decomp                                                  ;
;         |HiD_Even:u_HiD_Even                    ; 0.62 mW (0.62 mW)                    ; 0.26 mW (0.26 mW)               ; --                                ; 0.36 mW (0.36 mW)                 ; |DWT_sym4_2_Level|alpha1st_Level_Decomp:u_1st_Level_Decomp|HiD_Even:u_HiD_Even                              ;
;         |HiD_Odd:u_HiD_Odd                      ; 0.50 mW (0.50 mW)                    ; 0.25 mW (0.25 mW)               ; --                                ; 0.25 mW (0.25 mW)                 ; |DWT_sym4_2_Level|alpha1st_Level_Decomp:u_1st_Level_Decomp|HiD_Odd:u_HiD_Odd                                ;
;         |LoD_Even:u_LoD_Even                    ; 0.22 mW (0.22 mW)                    ; 0.14 mW (0.14 mW)               ; --                                ; 0.08 mW (0.08 mW)                 ; |DWT_sym4_2_Level|alpha1st_Level_Decomp:u_1st_Level_Decomp|LoD_Even:u_LoD_Even                              ;
;         |LoD_Odd:u_LoD_Odd                      ; 0.21 mW (0.21 mW)                    ; 0.14 mW (0.14 mW)               ; --                                ; 0.07 mW (0.07 mW)                 ; |DWT_sym4_2_Level|alpha1st_Level_Decomp:u_1st_Level_Decomp|LoD_Odd:u_LoD_Odd                                ;
;     |alpha1st_Level_Decomp1:u_1st_Level_Decomp1 ; 2.10 mW (0.78 mW)                    ; 1.26 mW (0.50 mW)               ; --                                ; 0.83 mW (0.28 mW)                 ; |DWT_sym4_2_Level|alpha1st_Level_Decomp1:u_1st_Level_Decomp1                                                ;
;         |HiD_Even_block:u_HiD_Even              ; 0.49 mW (0.49 mW)                    ; 0.25 mW (0.25 mW)               ; --                                ; 0.24 mW (0.24 mW)                 ; |DWT_sym4_2_Level|alpha1st_Level_Decomp1:u_1st_Level_Decomp1|HiD_Even_block:u_HiD_Even                      ;
;         |HiD_Odd_block:u_HiD_Odd                ; 0.43 mW (0.43 mW)                    ; 0.24 mW (0.24 mW)               ; --                                ; 0.19 mW (0.19 mW)                 ; |DWT_sym4_2_Level|alpha1st_Level_Decomp1:u_1st_Level_Decomp1|HiD_Odd_block:u_HiD_Odd                        ;
;         |LoD_Even_block:u_LoD_Even              ; 0.21 mW (0.21 mW)                    ; 0.14 mW (0.14 mW)               ; --                                ; 0.07 mW (0.07 mW)                 ; |DWT_sym4_2_Level|alpha1st_Level_Decomp1:u_1st_Level_Decomp1|LoD_Even_block:u_LoD_Even                      ;
;         |LoD_Odd_block:u_LoD_Odd                ; 0.19 mW (0.19 mW)                    ; 0.14 mW (0.14 mW)               ; --                                ; 0.05 mW (0.05 mW)                 ; |DWT_sym4_2_Level|alpha1st_Level_Decomp1:u_1st_Level_Decomp1|LoD_Odd_block:u_LoD_Odd                        ;
;     |alpha1st_Level_Recon1:u_1st_Level_Recon1   ; 2.82 mW (0.95 mW)                    ; 1.66 mW (0.64 mW)               ; --                                ; 1.16 mW (0.31 mW)                 ; |DWT_sym4_2_Level|alpha1st_Level_Recon1:u_1st_Level_Recon1                                                  ;
;         |HiR_Even:u_HiR_Even                    ; 0.75 mW (0.75 mW)                    ; 0.32 mW (0.32 mW)               ; --                                ; 0.42 mW (0.42 mW)                 ; |DWT_sym4_2_Level|alpha1st_Level_Recon1:u_1st_Level_Recon1|HiR_Even:u_HiR_Even                              ;
;         |HiR_Odd:u_HiR_Odd                      ; 0.33 mW (0.33 mW)                    ; 0.21 mW (0.21 mW)               ; --                                ; 0.12 mW (0.12 mW)                 ; |DWT_sym4_2_Level|alpha1st_Level_Recon1:u_1st_Level_Recon1|HiR_Odd:u_HiR_Odd                                ;
;         |LoR_Even:u_LoR_Even                    ; 0.54 mW (0.54 mW)                    ; 0.30 mW (0.30 mW)               ; --                                ; 0.23 mW (0.23 mW)                 ; |DWT_sym4_2_Level|alpha1st_Level_Recon1:u_1st_Level_Recon1|LoR_Even:u_LoR_Even                              ;
;         |LoR_Odd:u_LoR_Odd                      ; 0.27 mW (0.27 mW)                    ; 0.19 mW (0.19 mW)               ; --                                ; 0.08 mW (0.08 mW)                 ; |DWT_sym4_2_Level|alpha1st_Level_Recon1:u_1st_Level_Recon1|LoR_Odd:u_LoR_Odd                                ;
;     |alpha1st_Level_Recon2:u_1st_Level_Recon2   ; 2.57 mW (0.86 mW)                    ; 1.38 mW (0.40 mW)               ; --                                ; 1.20 mW (0.46 mW)                 ; |DWT_sym4_2_Level|alpha1st_Level_Recon2:u_1st_Level_Recon2                                                  ;
;         |HiR_Even_block:u_HiR_Even              ; 0.59 mW (0.59 mW)                    ; 0.29 mW (0.29 mW)               ; --                                ; 0.30 mW (0.30 mW)                 ; |DWT_sym4_2_Level|alpha1st_Level_Recon2:u_1st_Level_Recon2|HiR_Even_block:u_HiR_Even                        ;
;         |HiR_Odd_block:u_HiR_Odd                ; 0.29 mW (0.29 mW)                    ; 0.19 mW (0.19 mW)               ; --                                ; 0.10 mW (0.10 mW)                 ; |DWT_sym4_2_Level|alpha1st_Level_Recon2:u_1st_Level_Recon2|HiR_Odd_block:u_HiR_Odd                          ;
;         |LoR_Even_block:u_LoR_Even              ; 0.53 mW (0.53 mW)                    ; 0.29 mW (0.29 mW)               ; --                                ; 0.24 mW (0.24 mW)                 ; |DWT_sym4_2_Level|alpha1st_Level_Recon2:u_1st_Level_Recon2|LoR_Even_block:u_LoR_Even                        ;
;         |LoR_Odd_block:u_LoR_Odd                ; 0.30 mW (0.30 mW)                    ; 0.20 mW (0.20 mW)               ; --                                ; 0.10 mW (0.10 mW)                 ; |DWT_sym4_2_Level|alpha1st_Level_Recon2:u_1st_Level_Recon2|LoR_Odd_block:u_LoR_Odd                          ;
;     |DWT_sym4_2_Level_tc:u_DWT_sym4_2_Level_tc  ; 0.04 mW (0.04 mW)                    ; 0.03 mW (0.03 mW)               ; --                                ; 0.01 mW (0.01 mW)                 ; |DWT_sym4_2_Level|DWT_sym4_2_Level_tc:u_DWT_sym4_2_Level_tc                                                 ;
;     |Soft_Thresholding1:u_Soft_Thresholding1    ; 21.62 mW (21.62 mW)                  ; 16.95 mW (16.95 mW)             ; --                                ; 4.67 mW (4.67 mW)                 ; |DWT_sym4_2_Level|Soft_Thresholding1:u_Soft_Thresholding1                                                   ;
;     |Soft_Thresholding2:u_Soft_Thresholding2    ; 0.61 mW (0.61 mW)                    ; 0.36 mW (0.36 mW)               ; --                                ; 0.25 mW (0.25 mW)                 ; |DWT_sym4_2_Level|Soft_Thresholding2:u_Soft_Thresholding2                                                   ;
;     |Threshold_Estimator:u_Threshold_Estimator  ; 0.59 mW (0.11 mW)                    ; 0.40 mW (0.03 mW)               ; --                                ; 0.19 mW (0.07 mW)                 ; |DWT_sym4_2_Level|Threshold_Estimator:u_Threshold_Estimator                                                 ;
;         |Absolute_Value1:u_Absolute_Value1      ; 0.05 mW (0.05 mW)                    ; 0.04 mW (0.04 mW)               ; --                                ; 0.01 mW (0.01 mW)                 ; |DWT_sym4_2_Level|Threshold_Estimator:u_Threshold_Estimator|Absolute_Value1:u_Absolute_Value1               ;
;         |Median2:u_Median2                      ; 0.43 mW (0.17 mW)                    ; 0.33 mW (0.13 mW)               ; --                                ; 0.10 mW (0.04 mW)                 ; |DWT_sym4_2_Level|Threshold_Estimator:u_Threshold_Estimator|Median2:u_Median2                               ;
;             |Data_Sorter2:u_Data_Sorter2        ; 0.03 mW (0.03 mW)                    ; 0.02 mW (0.02 mW)               ; --                                ; 0.01 mW (0.01 mW)                 ; |DWT_sym4_2_Level|Threshold_Estimator:u_Threshold_Estimator|Median2:u_Median2|Data_Sorter2:u_Data_Sorter2   ;
;             |Data_Sorter3:u_Data_Sorter3        ; 0.03 mW (0.03 mW)                    ; 0.02 mW (0.02 mW)               ; --                                ; 0.00 mW (0.00 mW)                 ; |DWT_sym4_2_Level|Threshold_Estimator:u_Threshold_Estimator|Median2:u_Median2|Data_Sorter3:u_Data_Sorter3   ;
;             |Data_Sorter6:u_Data_Sorter6        ; 0.03 mW (0.03 mW)                    ; 0.02 mW (0.02 mW)               ; --                                ; 0.00 mW (0.00 mW)                 ; |DWT_sym4_2_Level|Threshold_Estimator:u_Threshold_Estimator|Median2:u_Median2|Data_Sorter6:u_Data_Sorter6   ;
;             |Data_Sorter10:u_Data_Sorter10      ; 0.03 mW (0.03 mW)                    ; 0.02 mW (0.02 mW)               ; --                                ; 0.00 mW (0.00 mW)                 ; |DWT_sym4_2_Level|Threshold_Estimator:u_Threshold_Estimator|Median2:u_Median2|Data_Sorter10:u_Data_Sorter10 ;
;             |Data_Sorter13:u_Data_Sorter13      ; 0.03 mW (0.03 mW)                    ; 0.02 mW (0.02 mW)               ; --                                ; 0.01 mW (0.01 mW)                 ; |DWT_sym4_2_Level|Threshold_Estimator:u_Threshold_Estimator|Median2:u_Median2|Data_Sorter13:u_Data_Sorter13 ;
;             |Data_Sorter17:u_Data_Sorter17      ; 0.03 mW (0.03 mW)                    ; 0.02 mW (0.02 mW)               ; --                                ; 0.00 mW (0.00 mW)                 ; |DWT_sym4_2_Level|Threshold_Estimator:u_Threshold_Estimator|Median2:u_Median2|Data_Sorter17:u_Data_Sorter17 ;
;             |Data_Sorter20:u_Data_Sorter20      ; 0.03 mW (0.03 mW)                    ; 0.02 mW (0.02 mW)               ; --                                ; 0.00 mW (0.00 mW)                 ; |DWT_sym4_2_Level|Threshold_Estimator:u_Threshold_Estimator|Median2:u_Median2|Data_Sorter20:u_Data_Sorter20 ;
;             |Data_Sorter23:u_Data_Sorter23      ; 0.04 mW (0.04 mW)                    ; 0.02 mW (0.02 mW)               ; --                                ; 0.02 mW (0.02 mW)                 ; |DWT_sym4_2_Level|Threshold_Estimator:u_Threshold_Estimator|Median2:u_Median2|Data_Sorter23:u_Data_Sorter23 ;
;             |Data_Sorter24:u_Data_Sorter24      ; 0.03 mW (0.03 mW)                    ; 0.02 mW (0.02 mW)               ; --                                ; 0.01 mW (0.01 mW)                 ; |DWT_sym4_2_Level|Threshold_Estimator:u_Threshold_Estimator|Median2:u_Median2|Data_Sorter24:u_Data_Sorter24 ;
+-------------------------------------------------+--------------------------------------+---------------------------------+-----------------------------------+-----------------------------------+-------------------------------------------------------------------------------------------------------------+
(1) Value in parentheses is the power consumed at that level of hierarchy. Value not in parentheses is the power consumed at that level of hierarchy plus the power consumed by all levels of hierarchy below it.

(2) The "Block Thermal Static Power" for all levels of hierarchy except the top-level hierarchy is part of the "Core Static Thermal Power Dissipation" value found on the PowerPlay Power Analyzer-->Summary report panel. The "Core Static Thermal Power Dissipation" also contains the thermal static power dissipated by the routing.


+--------------------------------------------------------------------+
; Core Dynamic Thermal Power Dissipation by Clock Domain             ;
+-----------------+-----------------------+--------------------------+
; Clock Domain    ; Clock Frequency (MHz) ; Total Core Dynamic Power ;
+-----------------+-----------------------+--------------------------+
; clk             ; 50.00                 ; 21.02                    ;
; No clock domain ; 0.00                  ; 20.82                    ;
+-----------------+-----------------------+--------------------------+


+------------------------------------------------------------------------------------------------------------------------------------+
; Current Drawn from Voltage Supplies Summary                                                                                        ;
+----------------+-------------------------+---------------------------+--------------------------+----------------------------------+
; Voltage Supply ; Total Current Drawn (1) ; Dynamic Current Drawn (1) ; Static Current Drawn (1) ; Minimum Power Supply Current (2) ;
+----------------+-------------------------+---------------------------+--------------------------+----------------------------------+
; VCC            ; 88.35 mA                ; 38.33 mA                  ; 50.03 mA                 ; 88.35 mA                         ;
; VCCIO          ; 1.68 mA                 ; 0.78 mA                   ; 0.89 mA                  ; 1.68 mA                          ;
; VCCPD          ; 2.85 mA                 ; 0.47 mA                   ; 2.38 mA                  ; 2.85 mA                          ;
; VCCA_FPLL      ; 2.46 mA                 ; 0.00 mA                   ; 2.46 mA                  ; 2.46 mA                          ;
; VCCPGM         ; 0.33 mA                 ; 0.00 mA                   ; 0.33 mA                  ; 0.33 mA                          ;
; VCCBAT         ; 0.00 mA                 ; 0.00 mA                   ; 0.00 mA                  ; 0.00 mA                          ;
; VCCE_GXBL      ; 0.00 mA                 ; 0.00 mA                   ; 0.00 mA                  ; 0.00 mA                          ;
; VCCL_GXBL      ; 0.00 mA                 ; 0.00 mA                   ; 0.00 mA                  ; 0.00 mA                          ;
; VCCH_GXBL      ; 0.00 mA                 ; 0.00 mA                   ; 0.00 mA                  ; 0.00 mA                          ;
; VCCAUX         ; 140.09 mA               ; 0.00 mA                   ; 140.09 mA                ; 140.09 mA                        ;
; VCC_HPS        ; 0.00 mA                 ; 0.00 mA                   ; 0.00 mA                  ; 0.00 mA                          ;
; VCCIO_HPS      ; 0.00 mA                 ; 0.00 mA                   ; 0.00 mA                  ; 0.00 mA                          ;
; VCCPD_HPS      ; 0.00 mA                 ; 0.00 mA                   ; 0.00 mA                  ; 0.00 mA                          ;
; VCCRSTCLK_HPS  ; 0.00 mA                 ; 0.00 mA                   ; 0.00 mA                  ; 0.00 mA                          ;
; VCCPLL_HPS     ; 0.00 mA                 ; 0.00 mA                   ; 0.00 mA                  ; 0.00 mA                          ;
+----------------+-------------------------+---------------------------+--------------------------+----------------------------------+
(1) Currents reported in columns "Total Current Drawn", "Dynamic Current Drawn", and "Static Current Drawn" are sufficient for user operation of the device.  
(2) Currents reported in column "Minimum Power Supply Current" do not include transient power-up currents. For transient power-up currents, see the device family datasheet, errata sheet, and/or ES guidelines document, as appropriate. 


+-----------------------------------------------------------------------------------------------+
; VCCIO Supply Current Drawn by I/O Bank                                                        ;
+----------+---------------+---------------------+-----------------------+----------------------+
; I/O Bank ; VCCIO Voltage ; Total Current Drawn ; Dynamic Current Drawn ; Static Current Drawn ;
+----------+---------------+---------------------+-----------------------+----------------------+
; B2L      ; --            ; --                  ; --                    ; --                   ;
; B1L      ; --            ; --                  ; --                    ; --                   ;
; B0L      ; --            ; --                  ; --                    ; --                   ;
; 3A       ; 2.5V          ; 0.07 mA             ; 0.00 mA               ; 0.07 mA              ;
; 3B       ; 2.5V          ; 0.62 mA             ; 0.53 mA               ; 0.09 mA              ;
; 4A       ; 2.5V          ; 0.12 mA             ; 0.04 mA               ; 0.07 mA              ;
; 5A       ; 2.5V          ; 0.12 mA             ; 0.04 mA               ; 0.07 mA              ;
; 5B       ; 2.5V          ; 0.16 mA             ; 0.08 mA               ; 0.08 mA              ;
; 6B       ; 2.5V          ; 0.07 mA             ; 0.00 mA               ; 0.07 mA              ;
; 6A       ; 2.5V          ; 0.07 mA             ; 0.00 mA               ; 0.07 mA              ;
; 7A       ; 2.5V          ; 0.07 mA             ; 0.00 mA               ; 0.07 mA              ;
; 7B       ; 2.5V          ; 0.07 mA             ; 0.00 mA               ; 0.07 mA              ;
; 7C       ; 2.5V          ; 0.07 mA             ; 0.00 mA               ; 0.07 mA              ;
; 7D       ; 2.5V          ; 0.07 mA             ; 0.00 mA               ; 0.07 mA              ;
; 8A       ; 2.5V          ; 0.17 mA             ; 0.09 mA               ; 0.08 mA              ;
; 9A       ; --            ; --                  ; --                    ; --                   ;
+----------+---------------+---------------------+-----------------------+----------------------+


+-----------------------------------------------------------------------------------------------------------------------------------+
; VCCIO Supply Current Drawn by Voltage                                                                                             ;
+---------------+-------------------------+---------------------------+--------------------------+----------------------------------+
; VCCIO Voltage ; Total Current Drawn (1) ; Dynamic Current Drawn (1) ; Static Current Drawn (1) ; Minimum Power Supply Current (2) ;
+---------------+-------------------------+---------------------------+--------------------------+----------------------------------+
; 2.5V          ; 1.68 mA                 ; 0.78 mA                   ; 0.89 mA                  ; 1.68 mA                          ;
+---------------+-------------------------+---------------------------+--------------------------+----------------------------------+
(1) Currents reported in columns "Total Current Drawn", "Dynamic Current Drawn", and "Static Current Drawn" are sufficient for user operation of the device.  
(2) Currents reported in column "Minimum Power Supply Current" do not include transient power-up currents. For transient power-up currents, see the device family datasheet, errata sheet, and/or ES guidelines document, as appropriate. 


+-----------------------------------------------------------------------------------------------+
; VCCPD Supply Current Drawn by I/O Bank                                                        ;
+----------+---------------+---------------------+-----------------------+----------------------+
; I/O Bank ; VCCPD Voltage ; Total Current Drawn ; Dynamic Current Drawn ; Static Current Drawn ;
+----------+---------------+---------------------+-----------------------+----------------------+
; B2L      ; --            ; --                  ; --                    ; --                   ;
; B1L      ; --            ; --                  ; --                    ; --                   ;
; B0L      ; --            ; --                  ; --                    ; --                   ;
; 3A       ; 2.5V          ; 0.20 mA             ; 0.00 mA               ; 0.20 mA              ;
; 3B       ; 2.5V          ; 0.53 mA             ; 0.32 mA               ; 0.21 mA              ;
; 4A       ; 2.5V          ; 0.22 mA             ; 0.03 mA               ; 0.20 mA              ;
; 5A       ; 2.5V          ; 0.22 mA             ; 0.03 mA               ; 0.20 mA              ;
; 5B       ; 2.5V          ; 0.24 mA             ; 0.03 mA               ; 0.20 mA              ;
; 6B       ; 2.5V          ; 0.20 mA             ; 0.00 mA               ; 0.20 mA              ;
; 6A       ; 2.5V          ; 0.20 mA             ; 0.00 mA               ; 0.20 mA              ;
; 7A       ; 2.5V          ; 0.20 mA             ; 0.00 mA               ; 0.20 mA              ;
; 7B       ; 2.5V          ; 0.20 mA             ; 0.00 mA               ; 0.20 mA              ;
; 7C       ; 2.5V          ; 0.20 mA             ; 0.00 mA               ; 0.20 mA              ;
; 7D       ; 2.5V          ; 0.20 mA             ; 0.00 mA               ; 0.20 mA              ;
; 8A       ; 2.5V          ; 0.26 mA             ; 0.06 mA               ; 0.20 mA              ;
; 9A       ; --            ; --                  ; --                    ; --                   ;
+----------+---------------+---------------------+-----------------------+----------------------+


+-----------------------------------------------------------------------------------------------------------------------------------+
; VCCPD Supply Current Drawn by Voltage                                                                                             ;
+---------------+-------------------------+---------------------------+--------------------------+----------------------------------+
; VCCPD Voltage ; Total Current Drawn (1) ; Dynamic Current Drawn (1) ; Static Current Drawn (1) ; Minimum Power Supply Current (2) ;
+---------------+-------------------------+---------------------------+--------------------------+----------------------------------+
; 2.5V          ; 2.85 mA                 ; 0.47 mA                   ; 2.38 mA                  ; 2.85 mA                          ;
+---------------+-------------------------+---------------------------+--------------------------+----------------------------------+
(1) Currents reported in columns "Total Current Drawn", "Dynamic Current Drawn", and "Static Current Drawn" are sufficient for user operation of the device.  
(2) Currents reported in column "Minimum Power Supply Current" do not include transient power-up currents. For transient power-up currents, see the device family datasheet, errata sheet, and/or ES guidelines document, as appropriate. 


+---------------------------------------------------------------------------------------------------+
; VCCIO_HPS Supply Current Drawn by I/O Bank                                                        ;
+----------+-------------------+---------------------+-----------------------+----------------------+
; I/O Bank ; VCCIO_HPS Voltage ; Total Current Drawn ; Dynamic Current Drawn ; Static Current Drawn ;
+----------+-------------------+---------------------+-----------------------+----------------------+
; B2L      ; --                ; --                  ; --                    ; --                   ;
; B1L      ; --                ; --                  ; --                    ; --                   ;
; B0L      ; --                ; --                  ; --                    ; --                   ;
; 3A       ; --                ; --                  ; --                    ; --                   ;
; 3B       ; --                ; --                  ; --                    ; --                   ;
; 4A       ; --                ; --                  ; --                    ; --                   ;
; 5A       ; --                ; --                  ; --                    ; --                   ;
; 5B       ; --                ; --                  ; --                    ; --                   ;
; 6B       ; --                ; --                  ; --                    ; --                   ;
; 6A       ; --                ; --                  ; --                    ; --                   ;
; 7A       ; --                ; --                  ; --                    ; --                   ;
; 7B       ; --                ; --                  ; --                    ; --                   ;
; 7C       ; --                ; --                  ; --                    ; --                   ;
; 7D       ; --                ; --                  ; --                    ; --                   ;
; 8A       ; --                ; --                  ; --                    ; --                   ;
; 9A       ; --                ; --                  ; --                    ; --                   ;
+----------+-------------------+---------------------+-----------------------+----------------------+


+---------------------------------------------------------------------------------------------------------------------------------------+
; VCCIO_HPS Supply Current Drawn by Voltage                                                                                             ;
+-------------------+-------------------------+---------------------------+--------------------------+----------------------------------+
; VCCIO_HPS Voltage ; Total Current Drawn (1) ; Dynamic Current Drawn (1) ; Static Current Drawn (1) ; Minimum Power Supply Current (2) ;
+-------------------+-------------------------+---------------------------+--------------------------+----------------------------------+
(1) Currents reported in columns "Total Current Drawn", "Dynamic Current Drawn", and "Static Current Drawn" are sufficient for user operation of the device.  
(2) Currents reported in column "Minimum Power Supply Current" do not include transient power-up currents. For transient power-up currents, see the device family datasheet, errata sheet, and/or ES guidelines document, as appropriate. 


+---------------------------------------------------------------------------------------------------+
; VCCPD_HPS Supply Current Drawn by I/O Bank                                                        ;
+----------+-------------------+---------------------+-----------------------+----------------------+
; I/O Bank ; VCCPD_HPS Voltage ; Total Current Drawn ; Dynamic Current Drawn ; Static Current Drawn ;
+----------+-------------------+---------------------+-----------------------+----------------------+
; B2L      ; --                ; --                  ; --                    ; --                   ;
; B1L      ; --                ; --                  ; --                    ; --                   ;
; B0L      ; --                ; --                  ; --                    ; --                   ;
; 3A       ; --                ; --                  ; --                    ; --                   ;
; 3B       ; --                ; --                  ; --                    ; --                   ;
; 4A       ; --                ; --                  ; --                    ; --                   ;
; 5A       ; --                ; --                  ; --                    ; --                   ;
; 5B       ; --                ; --                  ; --                    ; --                   ;
; 6B       ; --                ; --                  ; --                    ; --                   ;
; 6A       ; --                ; --                  ; --                    ; --                   ;
; 7A       ; --                ; --                  ; --                    ; --                   ;
; 7B       ; --                ; --                  ; --                    ; --                   ;
; 7C       ; --                ; --                  ; --                    ; --                   ;
; 7D       ; --                ; --                  ; --                    ; --                   ;
; 8A       ; --                ; --                  ; --                    ; --                   ;
; 9A       ; --                ; --                  ; --                    ; --                   ;
+----------+-------------------+---------------------+-----------------------+----------------------+


+---------------------------------------------------------------------------------------------------------------------------------------+
; VCCPD_HPS Supply Current Drawn by Voltage                                                                                             ;
+-------------------+-------------------------+---------------------------+--------------------------+----------------------------------+
; VCCPD_HPS Voltage ; Total Current Drawn (1) ; Dynamic Current Drawn (1) ; Static Current Drawn (1) ; Minimum Power Supply Current (2) ;
+-------------------+-------------------------+---------------------------+--------------------------+----------------------------------+
(1) Currents reported in columns "Total Current Drawn", "Dynamic Current Drawn", and "Static Current Drawn" are sufficient for user operation of the device.  
(2) Currents reported in column "Minimum Power Supply Current" do not include transient power-up currents. For transient power-up currents, see the device family datasheet, errata sheet, and/or ES guidelines document, as appropriate. 


+----------------------------------------------------------------------------------------------------------------------------------------------------+
; Confidence Metric Details                                                                                                                          ;
+----------------------------------------------------------------------------------------+--------------+------------+---------------+---------------+
; Data Source                                                                            ; Total        ; Pin        ; Registered    ; Combinational ;
+----------------------------------------------------------------------------------------+--------------+------------+---------------+---------------+
; Simulation (from file)                                                                 ;              ;            ;               ;               ;
;     -- Number of signals with Toggle Rate from Simulation                              ; 0 (0.0%)     ; 0 (0.0%)   ; 0 (0.0%)      ; 0 (0.0%)      ;
;     -- Number of signals with Static Probability from Simulation                       ; 0 (0.0%)     ; 0 (0.0%)   ; 0 (0.0%)      ; 0 (0.0%)      ;
;                                                                                        ;              ;            ;               ;               ;
; Node, entity or clock assignment                                                       ;              ;            ;               ;               ;
;     -- Number of signals with Toggle Rate from Node, entity or clock assignment        ; 2 (0.0%)     ; 1 (2.8%)   ; 0 (0.0%)      ; 1 (0.0%)      ;
;     -- Number of signals with Static Probability from Node, entity or clock assignment ; 1 (0.0%)     ; 1 (2.8%)   ; 0 (0.0%)      ; 0 (0.0%)      ;
;                                                                                        ;              ;            ;               ;               ;
; Vectorless estimation                                                                  ;              ;            ;               ;               ;
;     -- Number of signals with Toggle Rate from Vectorless estimation                   ; 8843 (99.8%) ; 17 (47.2%) ; 4442 (100.0%) ; 4384 (100.0%) ;
;     -- Number of signals with Zero toggle rate, from Vectorless estimation             ; 4 (0.0%)     ; 0 (0.0%)   ; 0 (0.0%)      ; 4 (0.1%)      ;
;     -- Number of signals with Static Probability from Vectorless estimation            ; 8844 (99.8%) ; 17 (47.2%) ; 4442 (100.0%) ; 4385 (100.0%) ;
;                                                                                        ;              ;            ;               ;               ;
; Default assignment                                                                     ;              ;            ;               ;               ;
;     -- Number of signals with Toggle Rate from Default assignment                      ; 18 (0.2%)    ; 18 (50.0%) ; 0 (0.0%)      ; 0 (0.0%)      ;
;     -- Number of signals with Static Probability from Default assignment               ; 18 (0.2%)    ; 18 (50.0%) ; 0 (0.0%)      ; 0 (0.0%)      ;
;                                                                                        ;              ;            ;               ;               ;
; Assumed 0                                                                              ;              ;            ;               ;               ;
;     -- Number of signals with Toggle Rate assumed 0                                    ; 0 (0.0%)     ; 0 (0.0%)   ; 0 (0.0%)      ; 0 (0.0%)      ;
+----------------------------------------------------------------------------------------+--------------+------------+---------------+---------------+


+---------------------------------------------------------------------------------------------------------------------------------------------+
; Signal Activities                                                                                                                           ;
+--------+------+---------------------------------------------+-------------------------+--------------------+--------------------------------+
; Signal ; Type ; Toggle Rate (millions of transitions / sec) ; Toggle Rate Data Source ; Static Probability ; Static Probability Data Source ;
+--------+------+---------------------------------------------+-------------------------+--------------------+--------------------------------+
(1) The "Signal Activity" Table has been hidden. To show this table, please select the "Write signal activities to report file" option under "PowerPlay Power Analyzer Settings".


+-----------------------------------+
; PowerPlay Power Analyzer Messages ;
+-----------------------------------+
Info: *******************************************************************
Info: Running Quartus II 64-Bit PowerPlay Power Analyzer
    Info: Version 13.1.0 Build 162 10/23/2013 SJ Web Edition
    Info: Processing started: Sun Apr 21 08:57:07 2024
Info: Command: quartus_pow --read_settings_files=on --write_settings_files=off DWT_sym4_2_Level -c DWT_sym4_2_Level
Info (21077): Low junction temperature is 0 degrees C
Info (21077): High junction temperature is 85 degrees C
Info (332104): Reading SDC File: 'clock_constraint.sdc'
Info (332151): Clock uncertainty is not calculated until you update the timing netlist.
Info (332123): Deriving Clock Uncertainty. Please refer to report_sdc in TimeQuest to see clock uncertainties.
Info (223000): Starting Vectorless Power Activity Estimation
Info (223001): Completed Vectorless Power Activity Estimation
Critical Warning (215050): HPS power is being analyzed for a device with an HPS without HPS power.
Info (218000): Using Advanced I/O Power to simulate I/O buffers with the specified board trace model
Info (334003): Started post-fitting delay annotation
Warning (334000): Timing characteristics of device 5CSXFC6D6F31C6 are preliminary
Info (334004): Delay annotation completed successfully
Info (215049): Average toggle rate for this design is 7.811 millions of transitions / sec
Info (215031): Total thermal power estimate for the design is 465.61 mW
Info: Quartus II 64-Bit PowerPlay Power Analyzer was successful. 0 errors, 2 warnings
    Info: Peak virtual memory: 5106 megabytes
    Info: Processing ended: Sun Apr 21 08:57:16 2024
    Info: Elapsed time: 00:00:09
    Info: Total CPU time (on all processors): 00:00:13


